#
# There is insufficient memory for the Java Runtime Environment to continue.
# Native memory allocation (malloc) failed to allocate 1048576 bytes. Error detail: AllocateHeap
# Possible reasons:
#   The system is out of physical RAM or swap space
#   This process is running with CompressedOops enabled, and the Java Heap may be blocking the growth of the native heap
# Possible solutions:
#   Reduce memory load on the system
#   Increase physical memory or swap space
#   Check if swap backing store is full
#   Decrease Java heap size (-Xmx/-Xms)
#   Decrease number of Java threads
#   Decrease Java thread stack sizes (-Xss)
#   Set larger code cache with -XX:ReservedCodeCacheSize=
#   JVM is running with Unscaled Compressed Oops mode in which the Java heap is
#     placed in the first 4GB address space. The Java Heap base address is the
#     maximum limit for the native heap growth. Please use -XX:HeapBaseMinAddress
#     to set the Java Heap base and to place the Java Heap above 4GB virtual address.
# This output file may be truncated or incomplete.
#
#  Out of Memory Error (allocation.cpp:44), pid=45800, tid=12296
#
# JRE version: OpenJDK Runtime Environment Temurin-21.0.8+9 (21.0.8+9) (build 21.0.8+9-LTS)
# Java VM: OpenJDK 64-Bit Server VM Temurin-21.0.8+9 (21.0.8+9-LTS, mixed mode, sharing, tiered, compressed oops, compressed class ptrs, parallel gc, windows-amd64)
# No core dump will be written. Minidumps are not enabled by default on client versions of Windows
#

---------------  S U M M A R Y ------------

Command Line: --add-modules=ALL-SYSTEM --add-opens=java.base/java.util=ALL-UNNAMED --add-opens=java.base/java.lang=ALL-UNNAMED --add-opens=java.base/sun.nio.fs=ALL-UNNAMED -Declipse.application=org.eclipse.jdt.ls.core.id1 -Dosgi.bundles.defaultStartLevel=4 -Declipse.product=org.eclipse.jdt.ls.core.product -Djava.import.generatesMetadataFilesAtProjectRoot=false -DDetectVMInstallationsJob.disabled=true -Dfile.encoding=utf8 -XX:+UseParallelGC -XX:GCTimeRatio=4 -XX:AdaptiveSizePolicyWeight=90 -Dsun.zip.disableMemoryMapping=true -Xmx2G -Xms100m -Xlog:disable -javaagent:c:\Users\advai\.vscode\extensions\redhat.java-1.47.0-win32-x64\lombok\lombok-1.18.39-4050.jar -XX:+HeapDumpOnOutOfMemoryError -XX:HeapDumpPath=c:\Users\advai\AppData\Roaming\Code\User\workspaceStorage\194fc9c1872a5022dad67d36b28ee7ea\redhat.java -Daether.dependencyCollector.impl=bf c:\Users\advai\.vscode\extensions\redhat.java-1.47.0-win32-x64\server\plugins\org.eclipse.equinox.launcher_1.7.100.v20251014-1222.jar -configuration c:\Users\advai\AppData\Roaming\Code\User\globalStorage\redhat.java\1.47.0\config_win -data c:\Users\advai\AppData\Roaming\Code\User\workspaceStorage\194fc9c1872a5022dad67d36b28ee7ea\redhat.java\jdt_ws --pipe=\\.\pipe\lsp-a5bb66a65114fe62009110a392133ab9-sock

Host: 12th Gen Intel(R) Core(TM) i7-1255U, 12 cores, 15G,  Windows 11 , 64 bit Build 22621 (10.0.22621.5415)
Time: Sat Nov  8 22:40:00 2025 Malay Peninsula Standard Time elapsed time: 5943.329882 seconds (0d 1h 39m 3s)

---------------  T H R E A D  ---------------

Current thread (0x000001ddef972e50):  JavaThread "Attach Listener" daemon [_thread_in_vm, id=12296, stack(0x000000d677e00000,0x000000d677f00000) (1024K)]

Stack: [0x000000d677e00000,0x000000d677f00000]
Native frames: (J=compiled Java code, j=interpreted, Vv=VM code, C=native code)
V  [jvm.dll+0x6d2449]
V  [jvm.dll+0x8ae341]
V  [jvm.dll+0x8b08be]
V  [jvm.dll+0x8b0fa3]
V  [jvm.dll+0x280c96]
V  [jvm.dll+0xc0347]
V  [jvm.dll+0x6d2cf9]
V  [jvm.dll+0x131116]
V  [jvm.dll+0x3f2d16]
V  [jvm.dll+0x857e6b]
V  [jvm.dll+0x6d0b0d]
C  [ucrtbase.dll+0x29333]
C  [KERNEL32.DLL+0x1259d]
C  [ntdll.dll+0x5af78]


---------------  P R O C E S S  ---------------

Threads class SMR info:
_java_thread_list=0x000001ddf836c700, length=57, elements={
0x000001ddd6ffd200, 0x000001ddeda9df80, 0x000001ddef970080, 0x000001ddef970fe0,
0x000001ddef972e50, 0x000001ddef97a1c0, 0x000001ddef97c000, 0x000001ddef982a30,
0x000001ddef9a5f00, 0x000001ddefa8a8e0, 0x000001ddefa8c9b0, 0x000001ddefa8af70,
0x000001ddefa8bc90, 0x000001ddefa8c320, 0x000001ddefa8d040, 0x000001ddefa8d6d0,
0x000001ddefa8a250, 0x000001ddf4cc89c0, 0x000001ddf4cc6260, 0x000001ddf4cc9d70,
0x000001ddf4cc7610, 0x000001ddf4cc5bd0, 0x000001ddf4cc68f0, 0x000001ddf4cc7ca0,
0x000001ddf4ccaa90, 0x000001ddf4cc8330, 0x000001ddf4cc4820, 0x000001ddf4cc4eb0,
0x000001ddf5657740, 0x000001ddf5659180, 0x000001ddf5654fe0, 0x000001ddf565b250,
0x000001ddf5659ea0, 0x000001ddf5659810, 0x000001ddf5657dd0, 0x000001ddf565abc0,
0x000001ddf873b5d0, 0x000001ddf873c980, 0x000001ddf873e3c0, 0x000001ddf873ea50,
0x000001ddf8737ac0, 0x000001ddf4cc6f80, 0x000001ddf4e08a60, 0x000001ddf4682ef0,
0x000001ddf468a510, 0x000001ddf4688440, 0x000001ddf4689160, 0x000001ddf88da290,
0x000001ddf56570b0, 0x000001ddf873af40, 0x000001ddf8739500, 0x000001ddf88d3300,
0x000001ddf4e05c70, 0x000001ddf4e09780, 0x000001ddf4687db0, 0x000001ddf4688ad0,
0x000001ddfc16c220
}

Java Threads: ( => current thread )
  0x000001ddd6ffd200 JavaThread "main"                              [_thread_blocked, id=44276, stack(0x000000d677700000,0x000000d677800000) (1024K)]
  0x000001ddeda9df80 JavaThread "Reference Handler"          daemon [_thread_blocked, id=20892, stack(0x000000d677b00000,0x000000d677c00000) (1024K)]
  0x000001ddef970080 JavaThread "Finalizer"                  daemon [_thread_blocked, id=22988, stack(0x000000d677c00000,0x000000d677d00000) (1024K)]
  0x000001ddef970fe0 JavaThread "Signal Dispatcher"          daemon [_thread_blocked, id=27024, stack(0x000000d677d00000,0x000000d677e00000) (1024K)]
=>0x000001ddef972e50 JavaThread "Attach Listener"            daemon [_thread_in_vm, id=12296, stack(0x000000d677e00000,0x000000d677f00000) (1024K)]
  0x000001ddef97a1c0 JavaThread "Service Thread"             daemon [_thread_blocked, id=20248, stack(0x000000d677f00000,0x000000d678000000) (1024K)]
  0x000001ddef97c000 JavaThread "Monitor Deflation Thread"   daemon [_thread_blocked, id=42980, stack(0x000000d678000000,0x000000d678100000) (1024K)]
  0x000001ddef982a30 JavaThread "C2 CompilerThread0"         daemon [_thread_blocked, id=19572, stack(0x000000d678100000,0x000000d678200000) (1024K)]
  0x000001ddef9a5f00 JavaThread "C1 CompilerThread0"         daemon [_thread_blocked, id=28760, stack(0x000000d678200000,0x000000d678300000) (1024K)]
  0x000001ddefa8a8e0 JavaThread "Common-Cleaner"             daemon [_thread_blocked, id=23904, stack(0x000000d678300000,0x000000d678400000) (1024K)]
  0x000001ddefa8c9b0 JavaThread "Notification Thread"        daemon [_thread_blocked, id=36796, stack(0x000000d678500000,0x000000d678600000) (1024K)]
  0x000001ddefa8af70 JavaThread "Active Thread: Equinox Container: 6dd9c371-a233-4d85-893e-fe276ded63f4"        [_thread_blocked, id=34528, stack(0x000000d678d00000,0x000000d678e00000) (1024K)]
  0x000001ddefa8bc90 JavaThread "Refresh Thread: Equinox Container: 6dd9c371-a233-4d85-893e-fe276ded63f4" daemon [_thread_blocked, id=42440, stack(0x000000d678e00000,0x000000d678f00000) (1024K)]
  0x000001ddefa8c320 JavaThread "Framework Event Dispatcher: Equinox Container: 6dd9c371-a233-4d85-893e-fe276ded63f4" daemon [_thread_blocked, id=9616, stack(0x000000d679000000,0x000000d679100000) (1024K)]
  0x000001ddefa8d040 JavaThread "Start Level: Equinox Container: 6dd9c371-a233-4d85-893e-fe276ded63f4" daemon [_thread_blocked, id=16484, stack(0x000000d679100000,0x000000d679200000) (1024K)]
  0x000001ddefa8d6d0 JavaThread "Bundle File Closer"         daemon [_thread_blocked, id=34112, stack(0x000000d679400000,0x000000d679500000) (1024K)]
  0x000001ddefa8a250 JavaThread "SCR Component Actor"        daemon [_thread_blocked, id=7444, stack(0x000000d678400000,0x000000d678500000) (1024K)]
  0x000001ddf4cc89c0 JavaThread "Worker-JM"                         [_thread_blocked, id=10108, stack(0x000000d679600000,0x000000d679700000) (1024K)]
  0x000001ddf4cc6260 JavaThread "JNA Cleaner"                daemon [_thread_blocked, id=12176, stack(0x000000d678600000,0x000000d678700000) (1024K)]
  0x000001ddf4cc9d70 JavaThread "Java indexing"              daemon [_thread_blocked, id=33888, stack(0x000000d679900000,0x000000d679a00000) (1024K)]
  0x000001ddf4cc7610 JavaThread "Thread-1"                   daemon [_thread_in_native, id=23064, stack(0x000000d67a000000,0x000000d67a100000) (1024K)]
  0x000001ddf4cc5bd0 JavaThread "Thread-2"                   daemon [_thread_in_native, id=29076, stack(0x000000d67a100000,0x000000d67a200000) (1024K)]
  0x000001ddf4cc68f0 JavaThread "Thread-3"                   daemon [_thread_in_native, id=20092, stack(0x000000d67a200000,0x000000d67a300000) (1024K)]
  0x000001ddf4cc7ca0 JavaThread "Thread-4"                   daemon [_thread_in_native, id=10128, stack(0x000000d67a300000,0x000000d67a400000) (1024K)]
  0x000001ddf4ccaa90 JavaThread "Thread-5"                   daemon [_thread_in_native, id=9340, stack(0x000000d67a400000,0x000000d67a500000) (1024K)]
  0x000001ddf4cc8330 JavaThread "Thread-6"                   daemon [_thread_in_native, id=25828, stack(0x000000d67a500000,0x000000d67a600000) (1024K)]
  0x000001ddf4cc4820 JavaThread "Thread-7"                   daemon [_thread_in_native, id=15420, stack(0x000000d67a600000,0x000000d67a700000) (1024K)]
  0x000001ddf4cc4eb0 JavaThread "Thread-8"                   daemon [_thread_in_native, id=20568, stack(0x000000d67a700000,0x000000d67a800000) (1024K)]
  0x000001ddf5657740 JavaThread "Thread-9"                   daemon [_thread_in_native, id=31356, stack(0x000000d67a800000,0x000000d67a900000) (1024K)]
  0x000001ddf5659180 JavaThread "Thread-10"                  daemon [_thread_in_native, id=37760, stack(0x000000d67a900000,0x000000d67aa00000) (1024K)]
  0x000001ddf5654fe0 JavaThread "Thread-11"                  daemon [_thread_in_native, id=18464, stack(0x000000d67aa00000,0x000000d67ab00000) (1024K)]
  0x000001ddf565b250 JavaThread "Thread-12"                  daemon [_thread_in_native, id=36528, stack(0x000000d67ab00000,0x000000d67ac00000) (1024K)]
  0x000001ddf5659ea0 JavaThread "Thread-13"                  daemon [_thread_in_native, id=39916, stack(0x000000d67ac00000,0x000000d67ad00000) (1024K)]
  0x000001ddf5659810 JavaThread "pool-2-thread-1"                   [_thread_blocked, id=29292, stack(0x000000d67ad00000,0x000000d67ae00000) (1024K)]
  0x000001ddf5657dd0 JavaThread "WorkspaceEventsHandler"            [_thread_blocked, id=38176, stack(0x000000d67ae00000,0x000000d67af00000) (1024K)]
  0x000001ddf565abc0 JavaThread "pool-1-thread-1"                   [_thread_blocked, id=42604, stack(0x000000d67af00000,0x000000d67b000000) (1024K)]
  0x000001ddf873b5d0 JavaThread "Cleaner-0"                  daemon [_thread_blocked, id=39088, stack(0x000000d677600000,0x000000d677700000) (1024K)]
  0x000001ddf873c980 JavaThread "Java Debug Server"          daemon [_thread_in_native, id=19528, stack(0x000000d679500000,0x000000d679600000) (1024K)]
  0x000001ddf873e3c0 JavaThread "pool-3-thread-1"                   [_thread_in_native, id=26576, stack(0x000000d679800000,0x000000d679900000) (1024K)]
  0x000001ddf873ea50 JavaThread "RxSchedulerPurge-1"         daemon [_thread_blocked, id=35920, stack(0x000000d679b00000,0x000000d679c00000) (1024K)]
  0x000001ddf8737ac0 JavaThread "RxCachedWorkerPoolEvictor-1" daemon [_thread_blocked, id=25524, stack(0x000000d679d00000,0x000000d679e00000) (1024K)]
  0x000001ddf4cc6f80 JavaThread "process reaper (pid 26140)" daemon [_thread_in_native, id=37168, stack(0x000000d6771c0000,0x000000d6771e0000) (128K)]
  0x000001ddf4e08a60 JavaThread "RxNewThreadScheduler-9"     daemon [_thread_blocked, id=13832, stack(0x000000d677500000,0x000000d677600000) (1024K)]
  0x000001ddf4682ef0 JavaThread "ForkJoinPool.commonPool-worker-18" daemon [_thread_blocked, id=29024, stack(0x000000d677400000,0x000000d677500000) (1024K)]
  0x000001ddf468a510 JavaThread "ForkJoinPool.commonPool-worker-20" daemon [_thread_blocked, id=40840, stack(0x000000d679f00000,0x000000d67a000000) (1024K)]
  0x000001ddf4688440 JavaThread "ForkJoinPool.commonPool-worker-25" daemon [_thread_blocked, id=15620, stack(0x000000d67b400000,0x000000d67b500000) (1024K)]
  0x000001ddf4689160 JavaThread "ForkJoinPool.commonPool-worker-27" daemon [_thread_blocked, id=24172, stack(0x000000d67b600000,0x000000d67b700000) (1024K)]
  0x000001ddf88da290 JavaThread "ForkJoinPool.commonPool-worker-28" daemon [_thread_in_Java, id=39840, stack(0x000000d67b300000,0x000000d67b400000) (1024K)]
  0x000001ddf56570b0 JavaThread "ForkJoinPool.commonPool-worker-30" daemon [_thread_blocked, id=41212, stack(0x000000d67b000000,0x000000d67b100000) (1024K)]
  0x000001ddf873af40 JavaThread "ForkJoinPool.commonPool-worker-31" daemon [_thread_blocked, id=16056, stack(0x000000d67b100000,0x000000d67b200000) (1024K)]
  0x000001ddf8739500 JavaThread "ForkJoinPool.commonPool-worker-32" daemon [_thread_blocked, id=2512, stack(0x000000d679e00000,0x000000d679f00000) (1024K)]
  0x000001ddf88d3300 JavaThread "ForkJoinPool.commonPool-worker-33" daemon [_thread_blocked, id=16796, stack(0x000000d67d100000,0x000000d67d200000) (1024K)]
  0x000001ddf4e05c70 JavaThread "ForkJoinPool.commonPool-worker-34" daemon [_thread_blocked, id=36080, stack(0x000000d67c600000,0x000000d67c700000) (1024K)]
  0x000001ddf4e09780 JavaThread "ForkJoinPool.commonPool-worker-35" daemon [_thread_blocked, id=9156, stack(0x000000d67d200000,0x000000d67d300000) (1024K)]
  0x000001ddf4687db0 JavaThread "Worker-29"                         [_thread_blocked, id=38396, stack(0x000000d679700000,0x000000d679800000) (1024K)]
  0x000001ddf4688ad0 JavaThread "Worker-30"                         [_thread_blocked, id=45384, stack(0x000000d67b200000,0x000000d67b300000) (1024K)]
  0x000001ddfc16c220 JavaThread "Compiler Source File Reader" daemon [_thread_blocked, id=41444, stack(0x000000d67ba00000,0x000000d67bb00000) (1024K)]
Total: 57

Other Threads:
  0x000001ddd70be020 VMThread "VM Thread"                           [id=42280, stack(0x000000d677a00000,0x000000d677b00000) (1024K)]
  0x000001dded97ca00 WatcherThread "VM Periodic Task Thread"        [id=37060, stack(0x000000d677900000,0x000000d677a00000) (1024K)]
  0x000001ddd701c480 WorkerThread "GC Thread#0"                     [id=26972, stack(0x000000d677800000,0x000000d677900000) (1024K)]
  0x000001ddf41edc20 WorkerThread "GC Thread#1"                     [id=340, stack(0x000000d678700000,0x000000d678800000) (1024K)]
  0x000001ddf41edfc0 WorkerThread "GC Thread#2"                     [id=34392, stack(0x000000d678800000,0x000000d678900000) (1024K)]
  0x000001ddf43a2a00 WorkerThread "GC Thread#3"                     [id=15580, stack(0x000000d678900000,0x000000d678a00000) (1024K)]
  0x000001ddf43a2da0 WorkerThread "GC Thread#4"                     [id=24620, stack(0x000000d678a00000,0x000000d678b00000) (1024K)]
  0x000001ddf43a3140 WorkerThread "GC Thread#5"                     [id=13996, stack(0x000000d678b00000,0x000000d678c00000) (1024K)]
  0x000001ddf41f26e0 WorkerThread "GC Thread#6"                     [id=25740, stack(0x000000d678c00000,0x000000d678d00000) (1024K)]
  0x000001ddf49ed270 WorkerThread "GC Thread#7"                     [id=23772, stack(0x000000d678f00000,0x000000d679000000) (1024K)]
  0x000001ddf4a23dd0 WorkerThread "GC Thread#8"                     [id=21980, stack(0x000000d679200000,0x000000d679300000) (1024K)]
  0x000001ddf4a24170 WorkerThread "GC Thread#9"                     [id=39296, stack(0x000000d679300000,0x000000d679400000) (1024K)]
Total: 12

Threads with active compile tasks:
C1 CompilerThread0  5943538 31362   !   3       java.util.concurrent.ThreadPoolExecutor::getTask (177 bytes)
Total: 1

VM state: not at safepoint (normal execution)

VM Mutex/Monitor currently owned by a thread: None

Heap address: 0x0000000080000000, size: 2048 MB, Compressed Oops mode: 32-bit

CDS archive(s) mapped at: [0x000001dd80000000-0x000001dd80ba0000-0x000001dd80ba0000), size 12189696, SharedBaseAddress: 0x000001dd80000000, ArchiveRelocationMode: 1.
Compressed class space mapped at: 0x000001dd81000000-0x000001ddc1000000, reserved size: 1073741824
Narrow klass base: 0x000001dd80000000, Narrow klass shift: 0, Narrow klass range: 0x100000000

GC Precious Log:
 CardTable entry size: 512
 CPUs: 12 total, 12 available
 Memory: 16068M
 Large Page Support: Disabled
 NUMA Support: Disabled
 Compressed Oops: Enabled (32-bit)
 Alignments: Space 512K, Generation 512K, Heap 2M
 Heap Min Capacity: 100M
 Heap Initial Capacity: 100M
 Heap Max Capacity: 2G
 Pre-touch: Disabled
 Parallel Workers: 10

Heap:
 PSYoungGen      total 7680K, used 3137K [0x00000000d5580000, 0x00000000d6100000, 0x0000000100000000)
  eden space 7168K, 36% used [0x00000000d5580000,0x00000000d5810410,0x00000000d5c80000)
  from space 512K, 100% used [0x00000000d6080000,0x00000000d6100000,0x00000000d6100000)
  to   space 1024K, 0% used [0x00000000d5f00000,0x00000000d5f00000,0x00000000d6000000)
 ParOldGen       total 1131008K, used 828182K [0x0000000080000000, 0x00000000c5080000, 0x00000000d5580000)
  object space 1131008K, 73% used [0x0000000080000000,0x00000000b28c5930,0x00000000c5080000)
 Metaspace       used 98158K, committed 99712K, reserved 1179648K
  class space    used 9721K, committed 10432K, reserved 1048576K

Card table byte_map: [0x000001ddd69a0000,0x000001ddd6db0000] _byte_map_base: 0x000001ddd65a0000

Marking Bits: (ParMarkBitMap*) 0x00007ffc4941a340
 Begin Bits: [0x000001dde94a0000, 0x000001ddeb4a0000)
 End Bits:   [0x000001ddeb4a0000, 0x000001dded4a0000)

Polling page: 0x000001ddd4e50000

Metaspace:

Usage:
  Non-class:     86.36 MB used.
      Class:      9.49 MB used.
       Both:     95.86 MB used.

Virtual space:
  Non-class space:      128.00 MB reserved,      87.19 MB ( 68%) committed,  2 nodes.
      Class space:        1.00 GB reserved,      10.19 MB ( <1%) committed,  1 nodes.
             Both:        1.12 GB reserved,      97.38 MB (  8%) committed. 

Chunk freelists:
   Non-Class:  7.94 MB
       Class:  5.78 MB
        Both:  13.72 MB

MaxMetaspaceSize: unlimited
CompressedClassSpaceSize: 1.00 GB
Initial GC threshold: 21.00 MB
Current GC threshold: 161.06 MB
CDS: on
 - commit_granule_bytes: 65536.
 - commit_granule_words: 8192.
 - virtual_space_node_default_size: 8388608.
 - enlarge_chunks_in_place: 1.
 - use_allocation_guard: 0.


Internal statistics:

num_allocs_failed_limit: 9.
num_arena_births: 1860.
num_arena_deaths: 368.
num_vsnodes_births: 3.
num_vsnodes_deaths: 0.
num_space_committed: 1558.
num_space_uncommitted: 0.
num_chunks_returned_to_freelist: 426.
num_chunks_taken_from_freelist: 6890.
num_chunk_merges: 121.
num_chunk_splits: 3975.
num_chunks_enlarged: 2192.
num_inconsistent_stats: 0.

CodeHeap 'non-profiled nmethods': size=120000Kb used=32825Kb max_used=33656Kb free=87174Kb
 bounds [0x000001dde1cc0000, 0x000001dde3dc0000, 0x000001dde91f0000]
CodeHeap 'profiled nmethods': size=120000Kb used=48825Kb max_used=56465Kb free=71174Kb
 bounds [0x000001ddda1f0000, 0x000001dddd920000, 0x000001dde1720000]
CodeHeap 'non-nmethods': size=5760Kb used=1549Kb max_used=1636Kb free=4210Kb
 bounds [0x000001dde1720000, 0x000001dde1990000, 0x000001dde1cc0000]
CodeCache: size=245760Kb, used=83199Kb, max_used=91757Kb, free=162558Kb
 total_blobs=20944, nmethods=20082, adapters=763, full_count=0
Compilation: enabled, stopped_count=0, restarted_count=0

Compilation events (20 events):
Event: 5867.248 Thread 0x000001ddef9a5f00 31352       3       org.eclipse.jdt.ls.core.internal.corrections.proposals.UnresolvedElementsSubProcessor::<init> (5 bytes)
Event: 5867.248 Thread 0x000001ddef9a5f00 nmethod 31352 0x000001dddb662990 code [0x000001dddb662b40, 0x000001dddb662d28]
Event: 5867.786 Thread 0x000001ddef9a5f00 31353       3       org.eclipse.jdt.internal.codeassist.complete.CompletionNodeFound::throwOrDeferAndReturn (64 bytes)
Event: 5867.788 Thread 0x000001ddef9a5f00 nmethod 31353 0x000001dddb5ced10 code [0x000001dddb5cef00, 0x000001dddb5cf408]
Event: 5867.790 Thread 0x000001ddef9a5f00 31354       3       org.eclipse.jdt.internal.compiler.GenericAstVisitor::visit (6 bytes)
Event: 5867.791 Thread 0x000001ddef9a5f00 nmethod 31354 0x000001dddb664110 code [0x000001dddb6642c0, 0x000001dddb6644c8]
Event: 5867.795 Thread 0x000001ddef982a30 31355       4       org.eclipse.jdt.internal.core.search.matching.MatchLocatorParser::consumeAssignment (33 bytes)
Event: 5867.804 Thread 0x000001ddef9a5f00 31356       3       java.util.Arrays::copyOf (33 bytes)
Event: 5867.805 Thread 0x000001ddef9a5f00 nmethod 31356 0x000001dddb118510 code [0x000001dddb118700, 0x000001dddb118be8]
Event: 5867.807 Thread 0x000001ddef982a30 nmethod 31355 0x000001dde364fb90 code [0x000001dde364fd60, 0x000001dde3650298]
Event: 5867.872 Thread 0x000001ddef982a30 31357       4       java.lang.invoke.LambdaForm$MH/0x000001dd81920800::invoke (42 bytes)
Event: 5867.875 Thread 0x000001ddef982a30 nmethod 31357 0x000001dde35c3690 code [0x000001dde35c3820, 0x000001dde35c38e0]
Event: 5867.875 Thread 0x000001ddef982a30 31358       4       java.lang.invoke.LambdaForm$MH/0x000001dd81920c00::invoke (42 bytes)
Event: 5867.878 Thread 0x000001ddef982a30 nmethod 31358 0x000001dde24bf410 code [0x000001dde24bf5a0, 0x000001dde24bf660]
Event: 5867.878 Thread 0x000001ddef982a30 31359       4       java.lang.invoke.LambdaForm$MH/0x000001dd81921400::invoke (42 bytes)
Event: 5867.881 Thread 0x000001ddef982a30 nmethod 31359 0x000001dde3323490 code [0x000001dde3323620, 0x000001dde33236c8]
Event: 5868.331 Thread 0x000001ddef982a30 31360       4       org.eclipse.jdt.internal.compiler.classfmt.AnnotationInfo::scanAnnotation (330 bytes)
Event: 5868.379 Thread 0x000001ddef982a30 nmethod 31360 0x000001dde2ea6210 code [0x000001dde2ea6480, 0x000001dde2ea78d0]
Event: 5868.380 Thread 0x000001ddef982a30 31361       4       org.eclipse.jdt.internal.core.search.matching.MatchLocatorParser::consumeTypeArguments (64 bytes)
Event: 5868.385 Thread 0x000001ddef982a30 nmethod 31361 0x000001dde329ac10 code [0x000001dde329ada0, 0x000001dde329aee8]

GC Heap History (20 events):
Event: 5860.865 GC heap before
{Heap before GC invocations=4866 (full 7):
 PSYoungGen      total 8192K, used 8165K [0x00000000d5580000, 0x00000000d6300000, 0x0000000100000000)
  eden space 7168K, 100% used [0x00000000d5580000,0x00000000d5c80000,0x00000000d5c80000)
  from space 1024K, 97% used [0x00000000d6200000,0x00000000d62f97c8,0x00000000d6300000)
  to   space 2048K, 0% used [0x00000000d5f00000,0x00000000d5f00000,0x00000000d6100000)
 ParOldGen       total 1131008K, used 820722K [0x0000000080000000, 0x00000000c5080000, 0x00000000d5580000)
  object space 1131008K, 72% used [0x0000000080000000,0x00000000b217ca68,0x00000000c5080000)
 Metaspace       used 98146K, committed 99712K, reserved 1179648K
  class space    used 9721K, committed 10432K, reserved 1048576K
}
Event: 5860.904 GC heap after
{Heap after GC invocations=4866 (full 7):
 PSYoungGen      total 9216K, used 2027K [0x00000000d5580000, 0x00000000d6780000, 0x0000000100000000)
  eden space 7168K, 0% used [0x00000000d5580000,0x00000000d5580000,0x00000000d5c80000)
  from space 2048K, 99% used [0x00000000d5f00000,0x00000000d60faf90,0x00000000d6100000)
  to   space 5632K, 0% used [0x00000000d6200000,0x00000000d6200000,0x00000000d6780000)
 ParOldGen       total 1131008K, used 823370K [0x0000000080000000, 0x00000000c5080000, 0x00000000d5580000)
  object space 1131008K, 72% used [0x0000000080000000,0x00000000b24129a0,0x00000000c5080000)
 Metaspace       used 98146K, committed 99712K, reserved 1179648K
  class space    used 9721K, committed 10432K, reserved 1048576K
}
Event: 5860.936 GC heap before
{Heap before GC invocations=4867 (full 7):
 PSYoungGen      total 9216K, used 9195K [0x00000000d5580000, 0x00000000d6780000, 0x0000000100000000)
  eden space 7168K, 100% used [0x00000000d5580000,0x00000000d5c80000,0x00000000d5c80000)
  from space 2048K, 99% used [0x00000000d5f00000,0x00000000d60faf90,0x00000000d6100000)
  to   space 5632K, 0% used [0x00000000d6200000,0x00000000d6200000,0x00000000d6780000)
 ParOldGen       total 1131008K, used 823370K [0x0000000080000000, 0x00000000c5080000, 0x00000000d5580000)
  object space 1131008K, 72% used [0x0000000080000000,0x00000000b24129a0,0x00000000c5080000)
 Metaspace       used 98146K, committed 99712K, reserved 1179648K
  class space    used 9721K, committed 10432K, reserved 1048576K
}
Event: 5860.943 GC heap after
{Heap after GC invocations=4867 (full 7):
 PSYoungGen      total 8192K, used 992K [0x00000000d5580000, 0x00000000d6300000, 0x0000000100000000)
  eden space 7168K, 0% used [0x00000000d5580000,0x00000000d5580000,0x00000000d5c80000)
  from space 1024K, 96% used [0x00000000d6200000,0x00000000d62f8000,0x00000000d6300000)
  to   space 2560K, 0% used [0x00000000d5e00000,0x00000000d5e00000,0x00000000d6080000)
 ParOldGen       total 1131008K, used 823594K [0x0000000080000000, 0x00000000c5080000, 0x00000000d5580000)
  object space 1131008K, 72% used [0x0000000080000000,0x00000000b244a9a0,0x00000000c5080000)
 Metaspace       used 98146K, committed 99712K, reserved 1179648K
  class space    used 9721K, committed 10432K, reserved 1048576K
}
Event: 5861.007 GC heap before
{Heap before GC invocations=4868 (full 7):
 PSYoungGen      total 8192K, used 8160K [0x00000000d5580000, 0x00000000d6300000, 0x0000000100000000)
  eden space 7168K, 100% used [0x00000000d5580000,0x00000000d5c80000,0x00000000d5c80000)
  from space 1024K, 96% used [0x00000000d6200000,0x00000000d62f8000,0x00000000d6300000)
  to   space 2560K, 0% used [0x00000000d5e00000,0x00000000d5e00000,0x00000000d6080000)
 ParOldGen       total 1131008K, used 823594K [0x0000000080000000, 0x00000000c5080000, 0x00000000d5580000)
  object space 1131008K, 72% used [0x0000000080000000,0x00000000b244a9a0,0x00000000c5080000)
 Metaspace       used 98147K, committed 99712K, reserved 1179648K
  class space    used 9721K, committed 10432K, reserved 1048576K
}
Event: 5861.012 GC heap after
{Heap after GC invocations=4868 (full 7):
 PSYoungGen      total 9728K, used 224K [0x00000000d5580000, 0x00000000d6280000, 0x0000000100000000)
  eden space 7168K, 0% used [0x00000000d5580000,0x00000000d5580000,0x00000000d5c80000)
  from space 2560K, 8% used [0x00000000d5e00000,0x00000000d5e38000,0x00000000d6080000)
  to   space 1024K, 0% used [0x00000000d6180000,0x00000000d6180000,0x00000000d6280000)
 ParOldGen       total 1131008K, used 823618K [0x0000000080000000, 0x00000000c5080000, 0x00000000d5580000)
  object space 1131008K, 72% used [0x0000000080000000,0x00000000b24509a0,0x00000000c5080000)
 Metaspace       used 98147K, committed 99712K, reserved 1179648K
  class space    used 9721K, committed 10432K, reserved 1048576K
}
Event: 5866.737 GC heap before
{Heap before GC invocations=4869 (full 7):
 PSYoungGen      total 9728K, used 7392K [0x00000000d5580000, 0x00000000d6280000, 0x0000000100000000)
  eden space 7168K, 100% used [0x00000000d5580000,0x00000000d5c80000,0x00000000d5c80000)
  from space 2560K, 8% used [0x00000000d5e00000,0x00000000d5e38000,0x00000000d6080000)
  to   space 1024K, 0% used [0x00000000d6180000,0x00000000d6180000,0x00000000d6280000)
 ParOldGen       total 1131008K, used 823618K [0x0000000080000000, 0x00000000c5080000, 0x00000000d5580000)
  object space 1131008K, 72% used [0x0000000080000000,0x00000000b24509a0,0x00000000c5080000)
 Metaspace       used 98155K, committed 99712K, reserved 1179648K
  class space    used 9721K, committed 10432K, reserved 1048576K
}
Event: 5866.741 GC heap after
{Heap after GC invocations=4869 (full 7):
 PSYoungGen      total 7680K, used 416K [0x00000000d5580000, 0x00000000d6200000, 0x0000000100000000)
  eden space 7168K, 0% used [0x00000000d5580000,0x00000000d5580000,0x00000000d5c80000)
  from space 512K, 81% used [0x00000000d6180000,0x00000000d61e8000,0x00000000d6200000)
  to   space 512K, 0% used [0x00000000d6100000,0x00000000d6100000,0x00000000d6180000)
 ParOldGen       total 1131008K, used 823690K [0x0000000080000000, 0x00000000c5080000, 0x00000000d5580000)
  object space 1131008K, 72% used [0x0000000080000000,0x00000000b24629a0,0x00000000c5080000)
 Metaspace       used 98155K, committed 99712K, reserved 1179648K
  class space    used 9721K, committed 10432K, reserved 1048576K
}
Event: 5866.850 GC heap before
{Heap before GC invocations=4870 (full 7):
 PSYoungGen      total 7680K, used 7584K [0x00000000d5580000, 0x00000000d6200000, 0x0000000100000000)
  eden space 7168K, 100% used [0x00000000d5580000,0x00000000d5c80000,0x00000000d5c80000)
  from space 512K, 81% used [0x00000000d6180000,0x00000000d61e8000,0x00000000d6200000)
  to   space 512K, 0% used [0x00000000d6100000,0x00000000d6100000,0x00000000d6180000)
 ParOldGen       total 1131008K, used 823690K [0x0000000080000000, 0x00000000c5080000, 0x00000000d5580000)
  object space 1131008K, 72% used [0x0000000080000000,0x00000000b24629a0,0x00000000c5080000)
 Metaspace       used 98155K, committed 99712K, reserved 1179648K
  class space    used 9721K, committed 10432K, reserved 1048576K
}
Event: 5866.887 GC heap after
{Heap after GC invocations=4870 (full 7):
 PSYoungGen      total 7680K, used 491K [0x00000000d5580000, 0x00000000d6580000, 0x0000000100000000)
  eden space 7168K, 0% used [0x00000000d5580000,0x00000000d5580000,0x00000000d5c80000)
  from space 512K, 96% used [0x00000000d6100000,0x00000000d617af90,0x00000000d6180000)
  to   space 4096K, 0% used [0x00000000d6180000,0x00000000d6180000,0x00000000d6580000)
 ParOldGen       total 1131008K, used 826770K [0x0000000080000000, 0x00000000c5080000, 0x00000000d5580000)
  object space 1131008K, 73% used [0x0000000080000000,0x00000000b27649a0,0x00000000c5080000)
 Metaspace       used 98155K, committed 99712K, reserved 1179648K
  class space    used 9721K, committed 10432K, reserved 1048576K
}
Event: 5867.262 GC heap before
{Heap before GC invocations=4871 (full 7):
 PSYoungGen      total 7680K, used 7659K [0x00000000d5580000, 0x00000000d6580000, 0x0000000100000000)
  eden space 7168K, 100% used [0x00000000d5580000,0x00000000d5c80000,0x00000000d5c80000)
  from space 512K, 96% used [0x00000000d6100000,0x00000000d617af90,0x00000000d6180000)
  to   space 4096K, 0% used [0x00000000d6180000,0x00000000d6180000,0x00000000d6580000)
 ParOldGen       total 1131008K, used 826770K [0x0000000080000000, 0x00000000c5080000, 0x00000000d5580000)
  object space 1131008K, 73% used [0x0000000080000000,0x00000000b27649a0,0x00000000c5080000)
 Metaspace       used 98158K, committed 99712K, reserved 1179648K
  class space    used 9721K, committed 10432K, reserved 1048576K
}
Event: 5867.269 GC heap after
{Heap after GC invocations=4871 (full 7):
 PSYoungGen      total 8704K, used 1280K [0x00000000d5580000, 0x00000000d6300000, 0x0000000100000000)
  eden space 7168K, 0% used [0x00000000d5580000,0x00000000d5580000,0x00000000d5c80000)
  from space 1536K, 83% used [0x00000000d6180000,0x00000000d62c0000,0x00000000d6300000)
  to   space 2560K, 0% used [0x00000000d5e00000,0x00000000d5e00000,0x00000000d6080000)
 ParOldGen       total 1131008K, used 827334K [0x0000000080000000, 0x00000000c5080000, 0x00000000d5580000)
  object space 1131008K, 73% used [0x0000000080000000,0x00000000b27f1930,0x00000000c5080000)
 Metaspace       used 98158K, committed 99712K, reserved 1179648K
  class space    used 9721K, committed 10432K, reserved 1048576K
}
Event: 5867.320 GC heap before
{Heap before GC invocations=4872 (full 7):
 PSYoungGen      total 8704K, used 8448K [0x00000000d5580000, 0x00000000d6300000, 0x0000000100000000)
  eden space 7168K, 100% used [0x00000000d5580000,0x00000000d5c80000,0x00000000d5c80000)
  from space 1536K, 83% used [0x00000000d6180000,0x00000000d62c0000,0x00000000d6300000)
  to   space 2560K, 0% used [0x00000000d5e00000,0x00000000d5e00000,0x00000000d6080000)
 ParOldGen       total 1131008K, used 827334K [0x0000000080000000, 0x00000000c5080000, 0x00000000d5580000)
  object space 1131008K, 73% used [0x0000000080000000,0x00000000b27f1930,0x00000000c5080000)
 Metaspace       used 98158K, committed 99712K, reserved 1179648K
  class space    used 9721K, committed 10432K, reserved 1048576K
}
Event: 5867.324 GC heap after
{Heap after GC invocations=4872 (full 7):
 PSYoungGen      total 9728K, used 320K [0x00000000d5580000, 0x00000000d6200000, 0x0000000100000000)
  eden space 7168K, 0% used [0x00000000d5580000,0x00000000d5580000,0x00000000d5c80000)
  from space 2560K, 12% used [0x00000000d5e00000,0x00000000d5e50000,0x00000000d6080000)
  to   space 1024K, 0% used [0x00000000d6100000,0x00000000d6100000,0x00000000d6200000)
 ParOldGen       total 1131008K, used 827582K [0x0000000080000000, 0x00000000c5080000, 0x00000000d5580000)
  object space 1131008K, 73% used [0x0000000080000000,0x00000000b282f930,0x00000000c5080000)
 Metaspace       used 98158K, committed 99712K, reserved 1179648K
  class space    used 9721K, committed 10432K, reserved 1048576K
}
Event: 5867.826 GC heap before
{Heap before GC invocations=4873 (full 7):
 PSYoungGen      total 9728K, used 7488K [0x00000000d5580000, 0x00000000d6200000, 0x0000000100000000)
  eden space 7168K, 100% used [0x00000000d5580000,0x00000000d5c80000,0x00000000d5c80000)
  from space 2560K, 12% used [0x00000000d5e00000,0x00000000d5e50000,0x00000000d6080000)
  to   space 1024K, 0% used [0x00000000d6100000,0x00000000d6100000,0x00000000d6200000)
 ParOldGen       total 1131008K, used 827582K [0x0000000080000000, 0x00000000c5080000, 0x00000000d5580000)
  object space 1131008K, 73% used [0x0000000080000000,0x00000000b282f930,0x00000000c5080000)
 Metaspace       used 98158K, committed 99712K, reserved 1179648K
  class space    used 9721K, committed 10432K, reserved 1048576K
}
Event: 5867.838 GC heap after
{Heap after GC invocations=4873 (full 7):
 PSYoungGen      total 8192K, used 1003K [0x00000000d5580000, 0x00000000d6200000, 0x0000000100000000)
  eden space 7168K, 0% used [0x00000000d5580000,0x00000000d5580000,0x00000000d5c80000)
  from space 1024K, 98% used [0x00000000d6100000,0x00000000d61faf90,0x00000000d6200000)
  to   space 2048K, 0% used [0x00000000d5e00000,0x00000000d5e00000,0x00000000d6000000)
 ParOldGen       total 1131008K, used 828054K [0x0000000080000000, 0x00000000c5080000, 0x00000000d5580000)
  object space 1131008K, 73% used [0x0000000080000000,0x00000000b28a5930,0x00000000c5080000)
 Metaspace       used 98158K, committed 99712K, reserved 1179648K
  class space    used 9721K, committed 10432K, reserved 1048576K
}
Event: 5868.309 GC heap before
{Heap before GC invocations=4874 (full 7):
 PSYoungGen      total 8192K, used 8171K [0x00000000d5580000, 0x00000000d6200000, 0x0000000100000000)
  eden space 7168K, 100% used [0x00000000d5580000,0x00000000d5c80000,0x00000000d5c80000)
  from space 1024K, 98% used [0x00000000d6100000,0x00000000d61faf90,0x00000000d6200000)
  to   space 2048K, 0% used [0x00000000d5e00000,0x00000000d5e00000,0x00000000d6000000)
 ParOldGen       total 1131008K, used 828054K [0x0000000080000000, 0x00000000c5080000, 0x00000000d5580000)
  object space 1131008K, 73% used [0x0000000080000000,0x00000000b28a5930,0x00000000c5080000)
 Metaspace       used 98158K, committed 99712K, reserved 1179648K
  class space    used 9721K, committed 10432K, reserved 1048576K
}
Event: 5868.313 GC heap after
{Heap after GC invocations=4874 (full 7):
 PSYoungGen      total 9216K, used 448K [0x00000000d5580000, 0x00000000d6180000, 0x0000000100000000)
  eden space 7168K, 0% used [0x00000000d5580000,0x00000000d5580000,0x00000000d5c80000)
  from space 2048K, 21% used [0x00000000d5e00000,0x00000000d5e70000,0x00000000d6000000)
  to   space 1024K, 0% used [0x00000000d6080000,0x00000000d6080000,0x00000000d6180000)
 ParOldGen       total 1131008K, used 828110K [0x0000000080000000, 0x00000000c5080000, 0x00000000d5580000)
  object space 1131008K, 73% used [0x0000000080000000,0x00000000b28b3930,0x00000000c5080000)
 Metaspace       used 98158K, committed 99712K, reserved 1179648K
  class space    used 9721K, committed 10432K, reserved 1048576K
}
Event: 5868.355 GC heap before
{Heap before GC invocations=4875 (full 7):
 PSYoungGen      total 9216K, used 7616K [0x00000000d5580000, 0x00000000d6180000, 0x0000000100000000)
  eden space 7168K, 100% used [0x00000000d5580000,0x00000000d5c80000,0x00000000d5c80000)
  from space 2048K, 21% used [0x00000000d5e00000,0x00000000d5e70000,0x00000000d6000000)
  to   space 1024K, 0% used [0x00000000d6080000,0x00000000d6080000,0x00000000d6180000)
 ParOldGen       total 1131008K, used 828110K [0x0000000080000000, 0x00000000c5080000, 0x00000000d5580000)
  object space 1131008K, 73% used [0x0000000080000000,0x00000000b28b3930,0x00000000c5080000)
 Metaspace       used 98158K, committed 99712K, reserved 1179648K
  class space    used 9721K, committed 10432K, reserved 1048576K
}
Event: 5868.359 GC heap after
{Heap after GC invocations=4875 (full 7):
 PSYoungGen      total 7680K, used 512K [0x00000000d5580000, 0x00000000d6100000, 0x0000000100000000)
  eden space 7168K, 0% used [0x00000000d5580000,0x00000000d5580000,0x00000000d5c80000)
  from space 512K, 100% used [0x00000000d6080000,0x00000000d6100000,0x00000000d6100000)
  to   space 1024K, 0% used [0x00000000d5f00000,0x00000000d5f00000,0x00000000d6000000)
 ParOldGen       total 1131008K, used 828182K [0x0000000080000000, 0x00000000c5080000, 0x00000000d5580000)
  object space 1131008K, 73% used [0x0000000080000000,0x00000000b28c5930,0x00000000c5080000)
 Metaspace       used 98158K, committed 99712K, reserved 1179648K
  class space    used 9721K, committed 10432K, reserved 1048576K
}

Dll operation events (12 events):
Event: 0.017 Loaded shared library c:\Users\advai\.vscode\extensions\redhat.java-1.47.0-win32-x64\jre\21.0.8-win32-x86_64\bin\java.dll
Event: 0.074 Loaded shared library c:\Users\advai\.vscode\extensions\redhat.java-1.47.0-win32-x64\jre\21.0.8-win32-x86_64\bin\zip.dll
Event: 0.098 Loaded shared library C:\Users\advai\.vscode\extensions\redhat.java-1.47.0-win32-x64\jre\21.0.8-win32-x86_64\bin\instrument.dll
Event: 0.102 Loaded shared library C:\Users\advai\.vscode\extensions\redhat.java-1.47.0-win32-x64\jre\21.0.8-win32-x86_64\bin\net.dll
Event: 0.104 Loaded shared library C:\Users\advai\.vscode\extensions\redhat.java-1.47.0-win32-x64\jre\21.0.8-win32-x86_64\bin\nio.dll
Event: 0.106 Loaded shared library C:\Users\advai\.vscode\extensions\redhat.java-1.47.0-win32-x64\jre\21.0.8-win32-x86_64\bin\zip.dll
Event: 0.125 Loaded shared library C:\Users\advai\.vscode\extensions\redhat.java-1.47.0-win32-x64\jre\21.0.8-win32-x86_64\bin\jimage.dll
Event: 0.199 Loaded shared library c:\Users\advai\.vscode\extensions\redhat.java-1.47.0-win32-x64\jre\21.0.8-win32-x86_64\bin\verify.dll
Event: 1.527 Loaded shared library C:\Users\advai\AppData\Roaming\Code\User\globalStorage\redhat.java\1.47.0\config_win\org.eclipse.equinox.launcher\org.eclipse.equinox.launcher.win32.win32.x86_64_1.2.1400.v20250801-0854\eclipse_11916.dll
Event: 3.636 Loaded shared library C:\Users\advai\AppData\Local\Temp\jna-92677147\jna10148657771572133152.dll
Event: 10.788 Loaded shared library C:\Users\advai\.vscode\extensions\redhat.java-1.47.0-win32-x64\jre\21.0.8-win32-x86_64\bin\sunmscapi.dll
Event: 88.405 Loaded shared library C:\Users\advai\.vscode\extensions\redhat.java-1.47.0-win32-x64\jre\21.0.8-win32-x86_64\bin\extnet.dll

Deoptimization events (20 events):
Event: 5842.395 Thread 0x000001ddf873af40 DEOPT PACKING pc=0x000001dddcc7ed5a sp=0x000000d67b1fdb60
Event: 5842.395 Thread 0x000001ddf873af40 DEOPT UNPACKING pc=0x000001dde1774242 sp=0x000000d67b1fd010 mode 0
Event: 5856.357 Thread 0x000001ddf56570b0 Uncommon trap: trap_request=0xffffffc6 fr.pc=0x000001dde31dbeac relative=0x000000000000306c
Event: 5856.357 Thread 0x000001ddf56570b0 Uncommon trap: reason=bimorphic_or_optimized_type_check action=maybe_recompile pc=0x000001dde31dbeac method=org.eclipse.jdt.internal.compiler.lookup.Scope.findMethodInSuperInterfaces(Lorg/eclipse/jdt/internal/compiler/lookup/ReferenceBinding;[CLorg/eclips
Event: 5856.357 Thread 0x000001ddf56570b0 DEOPT PACKING pc=0x000001dde31dbeac sp=0x000000d67b0fde20
Event: 5856.357 Thread 0x000001ddf56570b0 DEOPT UNPACKING pc=0x000001dde1773aa2 sp=0x000000d67b0fdde0 mode 2
Event: 5856.373 Thread 0x000001ddf56570b0 Uncommon trap: trap_request=0xffffffc6 fr.pc=0x000001dde31dbeac relative=0x000000000000306c
Event: 5856.373 Thread 0x000001ddf56570b0 Uncommon trap: reason=bimorphic_or_optimized_type_check action=maybe_recompile pc=0x000001dde31dbeac method=org.eclipse.jdt.internal.compiler.lookup.Scope.findMethodInSuperInterfaces(Lorg/eclipse/jdt/internal/compiler/lookup/ReferenceBinding;[CLorg/eclips
Event: 5856.373 Thread 0x000001ddf56570b0 DEOPT PACKING pc=0x000001dde31dbeac sp=0x000000d67b0fdf40
Event: 5856.373 Thread 0x000001ddf56570b0 DEOPT UNPACKING pc=0x000001dde1773aa2 sp=0x000000d67b0fdf00 mode 2
Event: 5856.378 Thread 0x000001ddf56570b0 Uncommon trap: trap_request=0xffffff45 fr.pc=0x000001dde2c2fcc4 relative=0x0000000000000284
Event: 5856.378 Thread 0x000001ddf56570b0 Uncommon trap: reason=unstable_if action=reinterpret pc=0x000001dde2c2fcc4 method=org.eclipse.jdt.internal.core.JavaElement.equals(Ljava/lang/Object;)Z @ 50 c2
Event: 5856.378 Thread 0x000001ddf56570b0 DEOPT PACKING pc=0x000001dde2c2fcc4 sp=0x000000d67b0feae0
Event: 5856.378 Thread 0x000001ddf56570b0 DEOPT UNPACKING pc=0x000001dde1773aa2 sp=0x000000d67b0fea78 mode 2
Event: 5856.391 Thread 0x000001ddf56570b0 Uncommon trap: trap_request=0xffffffde fr.pc=0x000001dde2fdfd38 relative=0x0000000000000cd8
Event: 5856.391 Thread 0x000001ddf56570b0 Uncommon trap: reason=class_check action=maybe_recompile pc=0x000001dde2fdfd38 method=org.eclipse.jdt.internal.compiler.lookup.ModuleBinding.canAccess(Lorg/eclipse/jdt/internal/compiler/lookup/PackageBinding;)Z @ 11 c2
Event: 5856.391 Thread 0x000001ddf56570b0 DEOPT PACKING pc=0x000001dde2fdfd38 sp=0x000000d67b0fd900
Event: 5856.391 Thread 0x000001ddf56570b0 DEOPT UNPACKING pc=0x000001dde1773aa2 sp=0x000000d67b0fd8c0 mode 2
Event: 5857.522 Thread 0x000001ddf873af40 DEOPT PACKING pc=0x000001dddd0ca410 sp=0x000000d67b1fdbd0
Event: 5857.522 Thread 0x000001ddf873af40 DEOPT UNPACKING pc=0x000001dde1774242 sp=0x000000d67b1fd0e0 mode 0

Classes loaded (20 events):
Event: 3207.913 Loading class java/util/function/IntBinaryOperator
Event: 3207.914 Loading class java/util/function/IntBinaryOperator done
Event: 3207.914 Loading class java/util/function/IntToDoubleFunction
Event: 3207.915 Loading class java/util/function/IntToDoubleFunction done
Event: 3207.915 Loading class java/util/function/IntToLongFunction
Event: 3207.915 Loading class java/util/function/IntToLongFunction done
Event: 5702.307 Loading class javax/crypto/AEADBadTagException
Event: 5702.315 Loading class javax/crypto/AEADBadTagException done
Event: 5702.315 Loading class javax/net/ssl/SSLHandshakeException
Event: 5702.317 Loading class javax/net/ssl/SSLException
Event: 5702.317 Loading class javax/net/ssl/SSLException done
Event: 5702.318 Loading class javax/net/ssl/SSLHandshakeException done
Event: 5840.223 Loading class java/util/PrimitiveIterator$OfInt
Event: 5840.229 Loading class java/util/PrimitiveIterator
Event: 5840.229 Loading class java/util/PrimitiveIterator done
Event: 5840.230 Loading class java/util/PrimitiveIterator$OfInt done
Event: 5840.230 Loading class java/util/PrimitiveIterator$OfLong
Event: 5840.233 Loading class java/util/PrimitiveIterator$OfLong done
Event: 5840.233 Loading class java/util/PrimitiveIterator$OfDouble
Event: 5840.240 Loading class java/util/PrimitiveIterator$OfDouble done

Classes unloaded (20 events):
Event: 2986.414 Thread 0x000001ddd70be020 Unloading class 0x000001dd81005c00 'java/lang/invoke/LambdaForm$BMH+0x000001dd81005c00'
Event: 2986.414 Thread 0x000001ddd70be020 Unloading class 0x000001dd81004800 'java/lang/invoke/LambdaForm$DMH+0x000001dd81004800'
Event: 2986.414 Thread 0x000001ddd70be020 Unloading class 0x000001dd81002400 'java/lang/invoke/LambdaForm$MH+0x000001dd81002400'
Event: 2986.414 Thread 0x000001ddd70be020 Unloading class 0x000001dd81002000 'java/lang/invoke/LambdaForm$MH+0x000001dd81002000'
Event: 2986.414 Thread 0x000001ddd70be020 Unloading class 0x000001dd81001800 'java/lang/invoke/LambdaForm$MH+0x000001dd81001800'
Event: 4984.541 Thread 0x000001ddd70be020 Unloading class 0x000001dd819e6c00 'java/lang/invoke/LambdaForm$MH+0x000001dd819e6c00'
Event: 4984.545 Thread 0x000001ddd70be020 Unloading class 0x000001dd819e6000 'java/lang/invoke/LambdaForm$MH+0x000001dd819e6000'
Event: 4984.545 Thread 0x000001ddd70be020 Unloading class 0x000001dd819e5c00 'java/lang/invoke/LambdaForm$MH+0x000001dd819e5c00'
Event: 4984.545 Thread 0x000001ddd70be020 Unloading class 0x000001dd819e5800 'java/lang/invoke/LambdaForm$MH+0x000001dd819e5800'
Event: 4984.545 Thread 0x000001ddd70be020 Unloading class 0x000001dd819e5400 'java/lang/invoke/LambdaForm$MH+0x000001dd819e5400'
Event: 4984.545 Thread 0x000001ddd70be020 Unloading class 0x000001dd819e4800 'java/lang/invoke/LambdaForm$MH+0x000001dd819e4800'
Event: 4984.545 Thread 0x000001ddd70be020 Unloading class 0x000001dd819e4400 'java/lang/invoke/LambdaForm$MH+0x000001dd819e4400'
Event: 4984.546 Thread 0x000001ddd70be020 Unloading class 0x000001dd819e4000 'java/lang/invoke/LambdaForm$MH+0x000001dd819e4000'
Event: 4984.549 Thread 0x000001ddd70be020 Unloading class 0x000001dd81235400 'java/lang/invoke/LambdaForm$MH+0x000001dd81235400'
Event: 4984.550 Thread 0x000001ddd70be020 Unloading class 0x000001dd81235000 'java/lang/invoke/LambdaForm$MH+0x000001dd81235000'
Event: 4984.552 Thread 0x000001ddd70be020 Unloading class 0x000001dd81234400 'java/lang/invoke/LambdaForm$MH+0x000001dd81234400'
Event: 4984.552 Thread 0x000001ddd70be020 Unloading class 0x000001dd81234000 'java/lang/invoke/LambdaForm$MH+0x000001dd81234000'
Event: 4984.553 Thread 0x000001ddd70be020 Unloading class 0x000001dd81233400 'java/lang/invoke/LambdaForm$MH+0x000001dd81233400'
Event: 4984.553 Thread 0x000001ddd70be020 Unloading class 0x000001dd81232400 'java/lang/invoke/LambdaForm$MH+0x000001dd81232400'
Event: 4984.553 Thread 0x000001ddd70be020 Unloading class 0x000001dd81232000 'java/lang/invoke/LambdaForm$MH+0x000001dd81232000'

Classes redefined (0 events):
No events

Internal exceptions (20 events):
Event: 5634.616 Thread 0x000001ddf4e05c70 Exception <a 'java/lang/ArrayIndexOutOfBoundsException'{0x00000000d59b8128}> (0x00000000d59b8128) 
thrown [s\src\hotspot\share\runtime\sharedRuntime.cpp, line 625]
Event: 5635.176 Thread 0x000001ddf4e05c70 Exception <a 'java/lang/ArrayIndexOutOfBoundsException'{0x00000000d5616fd0}> (0x00000000d5616fd0) 
thrown [s\src\hotspot\share\runtime\sharedRuntime.cpp, line 625]
Event: 5635.182 Thread 0x000001ddf4e05c70 Exception <a 'java/lang/ArrayIndexOutOfBoundsException'{0x00000000d561dc88}> (0x00000000d561dc88) 
thrown [s\src\hotspot\share\runtime\sharedRuntime.cpp, line 625]
Event: 5635.184 Thread 0x000001ddf4e05c70 Exception <a 'java/lang/ArrayIndexOutOfBoundsException'{0x00000000d567e6c8}> (0x00000000d567e6c8) 
thrown [s\src\hotspot\share\runtime\sharedRuntime.cpp, line 625]
Event: 5635.187 Thread 0x000001ddf4e05c70 Exception <a 'java/lang/ArrayIndexOutOfBoundsException'{0x00000000d5686390}> (0x00000000d5686390) 
thrown [s\src\hotspot\share\runtime\sharedRuntime.cpp, line 625]
Event: 5635.301 Thread 0x000001ddf4e05c70 Exception <a 'java/lang/ArrayIndexOutOfBoundsException'{0x00000000d5771c30}> (0x00000000d5771c30) 
thrown [s\src\hotspot\share\runtime\sharedRuntime.cpp, line 625]
Event: 5635.303 Thread 0x000001ddf4e05c70 Exception <a 'java/lang/ArrayIndexOutOfBoundsException'{0x00000000d57788e8}> (0x00000000d57788e8) 
thrown [s\src\hotspot\share\runtime\sharedRuntime.cpp, line 625]
Event: 5644.366 Thread 0x000001ddf4e05c70 Exception <a 'java/lang/ArrayIndexOutOfBoundsException'{0x00000000d59864d8}> (0x00000000d59864d8) 
thrown [s\src\hotspot\share\runtime\sharedRuntime.cpp, line 625]
Event: 5644.368 Thread 0x000001ddf4e05c70 Exception <a 'java/lang/ArrayIndexOutOfBoundsException'{0x00000000d5990938}> (0x00000000d5990938) 
thrown [s\src\hotspot\share\runtime\sharedRuntime.cpp, line 625]
Event: 5644.949 Thread 0x000001ddf4e05c70 Exception <a 'java/lang/ArrayIndexOutOfBoundsException'{0x00000000d562a6d0}> (0x00000000d562a6d0) 
thrown [s\src\hotspot\share\runtime\sharedRuntime.cpp, line 625]
Event: 5644.951 Thread 0x000001ddf4e05c70 Exception <a 'java/lang/ArrayIndexOutOfBoundsException'{0x00000000d5634b30}> (0x00000000d5634b30) 
thrown [s\src\hotspot\share\runtime\sharedRuntime.cpp, line 625]
Event: 5691.084 Thread 0x000001ddf4cc9d70 Exception <a 'sun/nio/fs/WindowsException'{0x00000000d5a3bfb8}> (0x00000000d5a3bfb8) 
thrown [s\src\hotspot\share\prims\jni.cpp, line 520]
Event: 5691.395 Thread 0x000001ddf4cc9d70 Exception <a 'sun/nio/fs/WindowsException'{0x00000000d5612e20}> (0x00000000d5612e20) 
thrown [s\src\hotspot\share\prims\jni.cpp, line 520]
Event: 5762.744 Thread 0x000001ddf8739500 Implicit null exception at 0x000001dde3be025a to 0x000001dde3be0540
Event: 5774.324 Thread 0x000001ddf4687db0 Exception <a 'sun/nio/fs/WindowsException'{0x00000000d55a2748}> (0x00000000d55a2748) 
thrown [s\src\hotspot\share\prims\jni.cpp, line 520]
Event: 5774.324 Thread 0x000001ddf4687db0 Exception <a 'sun/nio/fs/WindowsException'{0x00000000d55a34c8}> (0x00000000d55a34c8) 
thrown [s\src\hotspot\share\prims\jni.cpp, line 520]
Event: 5795.151 Thread 0x000001ddf88da290 Implicit null exception at 0x000001dde35a1e3c to 0x000001dde35a1f90
Event: 5795.981 Thread 0x000001ddf88da290 Implicit null exception at 0x000001dde34ea74b to 0x000001dde34ebb48
Event: 5795.982 Thread 0x000001ddf88da290 Implicit null exception at 0x000001dde33a1832 to 0x000001dde33a1a50
Event: 5796.025 Thread 0x000001ddf88da290 Implicit null exception at 0x000001dde357eb88 to 0x000001dde357efa4

ZGC Phase Switch (0 events):
No events

VM Operations (20 events):
Event: 5862.020 Executing VM operation: Cleanup
Event: 5862.021 Executing VM operation: Cleanup done
Event: 5866.737 Executing VM operation: ParallelGCFailedAllocation (Allocation Failure)
Event: 5866.741 Executing VM operation: ParallelGCFailedAllocation (Allocation Failure) done
Event: 5866.850 Executing VM operation: ParallelGCFailedAllocation (Allocation Failure)
Event: 5866.887 Executing VM operation: ParallelGCFailedAllocation (Allocation Failure) done
Event: 5867.262 Executing VM operation: ParallelGCFailedAllocation (Allocation Failure)
Event: 5867.269 Executing VM operation: ParallelGCFailedAllocation (Allocation Failure) done
Event: 5867.320 Executing VM operation: ParallelGCFailedAllocation (Allocation Failure)
Event: 5867.324 Executing VM operation: ParallelGCFailedAllocation (Allocation Failure) done
Event: 5867.826 Executing VM operation: ParallelGCFailedAllocation (Allocation Failure)
Event: 5867.838 Executing VM operation: ParallelGCFailedAllocation (Allocation Failure) done
Event: 5868.309 Executing VM operation: ParallelGCFailedAllocation (Allocation Failure)
Event: 5868.313 Executing VM operation: ParallelGCFailedAllocation (Allocation Failure) done
Event: 5868.355 Executing VM operation: ParallelGCFailedAllocation (Allocation Failure)
Event: 5868.359 Executing VM operation: ParallelGCFailedAllocation (Allocation Failure) done
Event: 5893.049 Executing VM operation: HandshakeAllThreads (HandshakeForDeflation)
Event: 5893.049 Executing VM operation: HandshakeAllThreads (HandshakeForDeflation) done
Event: 5893.049 Executing VM operation: RendezvousGCThreads
Event: 5893.049 Executing VM operation: RendezvousGCThreads done

Memory protections (0 events):
No events

Nmethod flushes (20 events):
Event: 4988.217 Thread 0x000001ddd70be020 flushing  nmethod 0x000001dddd449690
Event: 4988.217 Thread 0x000001ddd70be020 flushing  nmethod 0x000001dddd44d590
Event: 4988.218 Thread 0x000001ddd70be020 flushing  nmethod 0x000001dddd452f10
Event: 4988.218 Thread 0x000001ddd70be020 flushing  nmethod 0x000001dddd45f410
Event: 4988.218 Thread 0x000001ddd70be020 flushing  nmethod 0x000001dddd46ab90
Event: 4988.218 Thread 0x000001ddd70be020 flushing  nmethod 0x000001dddd46d710
Event: 4988.218 Thread 0x000001ddd70be020 flushing  nmethod 0x000001dddd472d90
Event: 4988.218 Thread 0x000001ddd70be020 flushing  nmethod 0x000001dddd478410
Event: 4988.219 Thread 0x000001ddd70be020 flushing  nmethod 0x000001dddd47b690
Event: 4988.219 Thread 0x000001ddd70be020 flushing  nmethod 0x000001dddd47e890
Event: 4988.219 Thread 0x000001ddd70be020 flushing  nmethod 0x000001dddd47ee90
Event: 4988.219 Thread 0x000001ddd70be020 flushing  nmethod 0x000001dddd47f910
Event: 4988.219 Thread 0x000001ddd70be020 flushing  nmethod 0x000001dddd48a910
Event: 4988.219 Thread 0x000001ddd70be020 flushing  nmethod 0x000001dddd4a5290
Event: 4988.219 Thread 0x000001ddd70be020 flushing  nmethod 0x000001dddd4f9910
Event: 4988.219 Thread 0x000001ddd70be020 flushing  nmethod 0x000001dddd503c90
Event: 4988.220 Thread 0x000001ddd70be020 flushing  nmethod 0x000001dddd510310
Event: 4988.221 Thread 0x000001ddd70be020 flushing  nmethod 0x000001dddd523d90
Event: 4988.221 Thread 0x000001ddd70be020 flushing  nmethod 0x000001dddd568310
Event: 4988.222 Thread 0x000001ddd70be020 flushing  nmethod 0x000001dddd5c3710

Events (20 events):
Event: 5826.731 Thread 0x000001ddf88da920 Thread exited: 0x000001ddf88da920
Event: 5826.734 Thread 0x000001ddf88da290 Thread added: 0x000001ddf88d8850
Event: 5826.738 Thread 0x000001ddf88d8850 Thread exited: 0x000001ddf88d8850
Event: 5826.795 Thread 0x000001ddf88da290 Thread added: 0x000001ddf88d8850
Event: 5826.881 Thread 0x000001ddf88d7b30 Thread exited: 0x000001ddf88d7b30
Event: 5831.508 Thread 0x000001ddfc168da0 Thread exited: 0x000001ddfc168da0
Event: 5831.509 Thread 0x000001ddfc16bb90 Thread exited: 0x000001ddfc16bb90
Event: 5831.509 Thread 0x000001ddf46897f0 Thread exited: 0x000001ddf46897f0
Event: 5831.509 Thread 0x000001ddf46842a0 Thread exited: 0x000001ddf46842a0
Event: 5831.510 Thread 0x000001ddfc169430 Thread exited: 0x000001ddfc169430
Event: 5831.511 Thread 0x000001ddfc16a7e0 Thread exited: 0x000001ddfc16a7e0
Event: 5831.512 Thread 0x000001ddfc16b500 Thread exited: 0x000001ddfc16b500
Event: 5831.513 Thread 0x000001ddfc16a150 Thread exited: 0x000001ddfc16a150
Event: 5831.513 Thread 0x000001ddfc169ac0 Thread exited: 0x000001ddfc169ac0
Event: 5838.641 Thread 0x000001ddef9a5f00 Thread added: 0x000001ddf6b7a900
Event: 5838.998 Thread 0x000001ddef9a5f00 Thread added: 0x000001ddf6b73530
Event: 5841.758 Thread 0x000001ddf6b73530 Thread exited: 0x000001ddf6b73530
Event: 5841.860 Thread 0x000001ddf88d8850 Thread exited: 0x000001ddf88d8850
Event: 5842.735 Thread 0x000001ddf6b7a900 Thread exited: 0x000001ddf6b7a900
Event: 5906.495 Thread 0x000001ddf88d3990 Thread exited: 0x000001ddf88d3990


Dynamic libraries:
0x00007ff6ca610000 - 0x00007ff6ca61e000 	c:\Users\advai\.vscode\extensions\redhat.java-1.47.0-win32-x64\jre\21.0.8-win32-x86_64\bin\java.exe
0x00007ffd32d50000 - 0x00007ffd32f67000 	C:\Windows\SYSTEM32\ntdll.dll
0x00007ffd320e0000 - 0x00007ffd321a4000 	C:\Windows\System32\KERNEL32.DLL
0x00007ffd2ff10000 - 0x00007ffd302e0000 	C:\Windows\System32\KERNELBASE.dll
0x00007ffd30820000 - 0x00007ffd30931000 	C:\Windows\System32\ucrtbase.dll
0x00007ffd198a0000 - 0x00007ffd198be000 	c:\Users\advai\.vscode\extensions\redhat.java-1.47.0-win32-x64\jre\21.0.8-win32-x86_64\bin\VCRUNTIME140.dll
0x00007ffd199c0000 - 0x00007ffd199d8000 	c:\Users\advai\.vscode\extensions\redhat.java-1.47.0-win32-x64\jre\21.0.8-win32-x86_64\bin\jli.dll
0x00007ffd32650000 - 0x00007ffd32801000 	C:\Windows\System32\USER32.dll
0x00007ffd146d0000 - 0x00007ffd1496c000 	C:\Windows\WinSxS\amd64_microsoft.windows.common-controls_6595b64144ccf1df_6.0.22621.5840_none_2710ea077384a4fe\COMCTL32.dll
0x00007ffd307f0000 - 0x00007ffd30816000 	C:\Windows\System32\win32u.dll
0x00007ffd31d60000 - 0x00007ffd31e07000 	C:\Windows\System32\msvcrt.dll
0x00007ffd31e10000 - 0x00007ffd31e39000 	C:\Windows\System32\GDI32.dll
0x00007ffd304d0000 - 0x00007ffd305f3000 	C:\Windows\System32\gdi32full.dll
0x00007ffd30940000 - 0x00007ffd309da000 	C:\Windows\System32\msvcp_win.dll
0x00007ffd30dc0000 - 0x00007ffd30df1000 	C:\Windows\System32\IMM32.DLL
0x00007ffd2a490000 - 0x00007ffd2a49c000 	c:\Users\advai\.vscode\extensions\redhat.java-1.47.0-win32-x64\jre\21.0.8-win32-x86_64\bin\vcruntime140_1.dll
0x00007ffce6bd0000 - 0x00007ffce6c5d000 	c:\Users\advai\.vscode\extensions\redhat.java-1.47.0-win32-x64\jre\21.0.8-win32-x86_64\bin\msvcp140.dll
0x00007ffc48760000 - 0x00007ffc494f7000 	c:\Users\advai\.vscode\extensions\redhat.java-1.47.0-win32-x64\jre\21.0.8-win32-x86_64\bin\server\jvm.dll
0x00007ffd31e40000 - 0x00007ffd31ef1000 	C:\Windows\System32\ADVAPI32.dll
0x00007ffd32940000 - 0x00007ffd329e8000 	C:\Windows\System32\sechost.dll
0x00007ffd30680000 - 0x00007ffd306a8000 	C:\Windows\System32\bcrypt.dll
0x00007ffd32be0000 - 0x00007ffd32cf8000 	C:\Windows\System32\RPCRT4.dll
0x00007ffd30e00000 - 0x00007ffd30e71000 	C:\Windows\System32\WS2_32.dll
0x00007ffd2a280000 - 0x00007ffd2a2b4000 	C:\Windows\SYSTEM32\WINMM.dll
0x00007ffd22b00000 - 0x00007ffd22b0a000 	C:\Windows\SYSTEM32\VERSION.dll
0x00007ffd2fd20000 - 0x00007ffd2fd6d000 	C:\Windows\SYSTEM32\POWRPROF.dll
0x00007ffd2fd00000 - 0x00007ffd2fd13000 	C:\Windows\SYSTEM32\UMPDC.dll
0x00007ffd2ede0000 - 0x00007ffd2edf8000 	C:\Windows\SYSTEM32\kernel.appcore.dll
0x00007ffd28110000 - 0x00007ffd2811a000 	c:\Users\advai\.vscode\extensions\redhat.java-1.47.0-win32-x64\jre\21.0.8-win32-x86_64\bin\jimage.dll
0x00007ffd2d260000 - 0x00007ffd2d493000 	C:\Windows\SYSTEM32\DBGHELP.DLL
0x00007ffd321b0000 - 0x00007ffd32541000 	C:\Windows\System32\combase.dll
0x00007ffd329f0000 - 0x00007ffd32ac8000 	C:\Windows\System32\OLEAUT32.dll
0x00007ffd16fd0000 - 0x00007ffd17002000 	C:\Windows\SYSTEM32\dbgcore.DLL
0x00007ffd30600000 - 0x00007ffd3067b000 	C:\Windows\System32\bcryptPrimitives.dll
0x00007ffd27500000 - 0x00007ffd2750f000 	c:\Users\advai\.vscode\extensions\redhat.java-1.47.0-win32-x64\jre\21.0.8-win32-x86_64\bin\instrument.dll
0x00007ffd15b20000 - 0x00007ffd15b3f000 	c:\Users\advai\.vscode\extensions\redhat.java-1.47.0-win32-x64\jre\21.0.8-win32-x86_64\bin\java.dll
0x00007ffd30f80000 - 0x00007ffd31821000 	C:\Windows\System32\SHELL32.dll
0x00007ffd306b0000 - 0x00007ffd307ef000 	C:\Windows\System32\wintypes.dll
0x00007ffd2dcd0000 - 0x00007ffd2e5ea000 	C:\Windows\SYSTEM32\windows.storage.dll
0x00007ffd32830000 - 0x00007ffd3293a000 	C:\Windows\System32\SHCORE.dll
0x00007ffd325e0000 - 0x00007ffd32649000 	C:\Windows\System32\shlwapi.dll
0x00007ffd2fd80000 - 0x00007ffd2fda5000 	C:\Windows\SYSTEM32\profapi.dll
0x00007ffd11200000 - 0x00007ffd11218000 	c:\Users\advai\.vscode\extensions\redhat.java-1.47.0-win32-x64\jre\21.0.8-win32-x86_64\bin\zip.dll
0x00007ffd221d0000 - 0x00007ffd221e0000 	C:\Users\advai\.vscode\extensions\redhat.java-1.47.0-win32-x64\jre\21.0.8-win32-x86_64\bin\net.dll
0x00007ffd2b860000 - 0x00007ffd2b98c000 	C:\Windows\SYSTEM32\WINHTTP.dll
0x00007ffd2f2b0000 - 0x00007ffd2f319000 	C:\Windows\system32\mswsock.dll
0x00007ffd0f480000 - 0x00007ffd0f496000 	C:\Users\advai\.vscode\extensions\redhat.java-1.47.0-win32-x64\jre\21.0.8-win32-x86_64\bin\nio.dll
0x00007ffd1a060000 - 0x00007ffd1a070000 	c:\Users\advai\.vscode\extensions\redhat.java-1.47.0-win32-x64\jre\21.0.8-win32-x86_64\bin\verify.dll
0x00007ffced690000 - 0x00007ffced6d4000 	C:\Users\advai\AppData\Roaming\Code\User\globalStorage\redhat.java\1.47.0\config_win\org.eclipse.equinox.launcher\org.eclipse.equinox.launcher.win32.win32.x86_64_1.2.1400.v20250801-0854\eclipse_11916.dll
0x00007ffd309e0000 - 0x00007ffd30b80000 	C:\Windows\System32\ole32.dll
0x00007ffd2f4d0000 - 0x00007ffd2f4eb000 	C:\Windows\SYSTEM32\CRYPTSP.dll
0x00007ffd2ed40000 - 0x00007ffd2ed77000 	C:\Windows\system32\rsaenh.dll
0x00007ffd2f370000 - 0x00007ffd2f398000 	C:\Windows\SYSTEM32\USERENV.dll
0x00007ffd2f4f0000 - 0x00007ffd2f4fc000 	C:\Windows\SYSTEM32\CRYPTBASE.dll
0x00007ffd2e850000 - 0x00007ffd2e87d000 	C:\Windows\SYSTEM32\IPHLPAPI.DLL
0x00007ffd320d0000 - 0x00007ffd320d9000 	C:\Windows\System32\NSI.dll
0x00007ffce9190000 - 0x00007ffce91d9000 	C:\Users\advai\AppData\Local\Temp\jna-92677147\jna10148657771572133152.dll
0x00007ffd30db0000 - 0x00007ffd30db8000 	C:\Windows\System32\PSAPI.DLL
0x00007ffd28c30000 - 0x00007ffd28c49000 	C:\Windows\SYSTEM32\dhcpcsvc6.DLL
0x00007ffd28be0000 - 0x00007ffd28bff000 	C:\Windows\SYSTEM32\dhcpcsvc.DLL
0x00007ffd1a020000 - 0x00007ffd1a02e000 	C:\Users\advai\.vscode\extensions\redhat.java-1.47.0-win32-x64\jre\21.0.8-win32-x86_64\bin\sunmscapi.dll
0x00007ffd30360000 - 0x00007ffd304c8000 	C:\Windows\System32\CRYPT32.dll
0x00007ffd2f710000 - 0x00007ffd2f73d000 	C:\Windows\SYSTEM32\ncrypt.dll
0x00007ffd2f6d0000 - 0x00007ffd2f707000 	C:\Windows\SYSTEM32\NTASN1.dll
0x00007ffd2e880000 - 0x00007ffd2e978000 	C:\Windows\SYSTEM32\DNSAPI.dll
0x00007ffd29500000 - 0x00007ffd2950a000 	C:\Windows\System32\rasadhlp.dll
0x00007ffd276f0000 - 0x00007ffd27774000 	C:\Windows\System32\fwpuclnt.dll
0x00007ffd2a4b0000 - 0x00007ffd2a4b9000 	C:\Users\advai\.vscode\extensions\redhat.java-1.47.0-win32-x64\jre\21.0.8-win32-x86_64\bin\extnet.dll

JVMTI agents:
c:\Users\advai\.vscode\extensions\redhat.java-1.47.0-win32-x64\lombok\lombok-1.18.39-4050.jar path:c:\Users\advai\.vscode\extensions\redhat.java-1.47.0-win32-x64\jre\21.0.8-win32-x86_64\bin\instrument.dll, loaded, initialized, instrumentlib options:none

dbghelp: loaded successfully - version: 4.0.5 - missing functions: none
symbol engine: initialized successfully - sym options: 0x614 - pdb path: .;c:\Users\advai\.vscode\extensions\redhat.java-1.47.0-win32-x64\jre\21.0.8-win32-x86_64\bin;C:\Windows\SYSTEM32;C:\Windows\WinSxS\amd64_microsoft.windows.common-controls_6595b64144ccf1df_6.0.22621.5840_none_2710ea077384a4fe;c:\Users\advai\.vscode\extensions\redhat.java-1.47.0-win32-x64\jre\21.0.8-win32-x86_64\bin\server;C:\Users\advai\AppData\Roaming\Code\User\globalStorage\redhat.java\1.47.0\config_win\org.eclipse.equinox.launcher\org.eclipse.equinox.launcher.win32.win32.x86_64_1.2.1400.v20250801-0854;C:\Users\advai\AppData\Local\Temp\jna-92677147

VM Arguments:
jvm_args: --add-modules=ALL-SYSTEM --add-opens=java.base/java.util=ALL-UNNAMED --add-opens=java.base/java.lang=ALL-UNNAMED --add-opens=java.base/sun.nio.fs=ALL-UNNAMED -Declipse.application=org.eclipse.jdt.ls.core.id1 -Dosgi.bundles.defaultStartLevel=4 -Declipse.product=org.eclipse.jdt.ls.core.product -Djava.import.generatesMetadataFilesAtProjectRoot=false -DDetectVMInstallationsJob.disabled=true -Dfile.encoding=utf8 -XX:+UseParallelGC -XX:GCTimeRatio=4 -XX:AdaptiveSizePolicyWeight=90 -Dsun.zip.disableMemoryMapping=true -Xmx2G -Xms100m -Xlog:disable -javaagent:c:\Users\advai\.vscode\extensions\redhat.java-1.47.0-win32-x64\lombok\lombok-1.18.39-4050.jar -XX:+HeapDumpOnOutOfMemoryError -XX:HeapDumpPath=c:\Users\advai\AppData\Roaming\Code\User\workspaceStorage\194fc9c1872a5022dad67d36b28ee7ea\redhat.java -Daether.dependencyCollector.impl=bf 
java_command: c:\Users\advai\.vscode\extensions\redhat.java-1.47.0-win32-x64\server\plugins\org.eclipse.equinox.launcher_1.7.100.v20251014-1222.jar -configuration c:\Users\advai\AppData\Roaming\Code\User\globalStorage\redhat.java\1.47.0\config_win -data c:\Users\advai\AppData\Roaming\Code\User\workspaceStorage\194fc9c1872a5022dad67d36b28ee7ea\redhat.java\jdt_ws --pipe=\\.\pipe\lsp-a5bb66a65114fe62009110a392133ab9-sock
java_class_path (initial): c:\Users\advai\.vscode\extensions\redhat.java-1.47.0-win32-x64\server\plugins\org.eclipse.equinox.launcher_1.7.100.v20251014-1222.jar
Launcher Type: SUN_STANDARD

[Global flags]
    uintx AdaptiveSizePolicyWeight                 = 90                                        {product} {command line}
     intx CICompilerCount                          = 4                                         {product} {ergonomic}
    uintx GCTimeRatio                              = 4                                         {product} {command line}
     bool HeapDumpOnOutOfMemoryError               = true                                   {manageable} {command line}
    ccstr HeapDumpPath                             = c:\Users\advai\AppData\Roaming\Code\User\workspaceStorage\194fc9c1872a5022dad67d36b28ee7ea\redhat.java         {manageable} {command line}
   size_t InitialHeapSize                          = 104857600                                 {product} {command line}
   size_t MaxHeapSize                              = 2147483648                                {product} {command line}
   size_t MaxNewSize                               = 715653120                                 {product} {ergonomic}
   size_t MinHeapDeltaBytes                        = 524288                                    {product} {ergonomic}
   size_t MinHeapSize                              = 104857600                                 {product} {command line}
   size_t NewSize                                  = 34603008                                  {product} {ergonomic}
    uintx NonNMethodCodeHeapSize                   = 5839372                                {pd product} {ergonomic}
    uintx NonProfiledCodeHeapSize                  = 122909434                              {pd product} {ergonomic}
   size_t OldSize                                  = 70254592                                  {product} {ergonomic}
    uintx ProfiledCodeHeapSize                     = 122909434                              {pd product} {ergonomic}
    uintx ReservedCodeCacheSize                    = 251658240                              {pd product} {ergonomic}
     bool SegmentedCodeCache                       = true                                      {product} {ergonomic}
   size_t SoftMaxHeapSize                          = 2147483648                             {manageable} {ergonomic}
     bool UseCompressedOops                        = true                           {product lp64_product} {ergonomic}
     bool UseLargePagesIndividualAllocation        = false                                  {pd product} {ergonomic}
     bool UseParallelGC                            = true                                      {product} {command line}

Logging:
Log output configuration:
 #0: stdout all=off uptime,level,tags foldmultilines=false
 #1: stderr all=off uptime,level,tags foldmultilines=false

Environment Variables:
PATH=C:\Program Files\Common Files\Oracle\Java\javapath;C:\Windows\system32;C:\Windows;C:\Windows\System32\Wbem;C:\Windows\System32\WindowsPowerShell\v1.0\;C:\Windows\System32\OpenSSH\;C:\Program Files\dotnet\;C:\Program Files\PuTTY\;C:\Users\advai\AppData\Local\Programs\Python\Python313\Scripts\;C:\Users\advai\AppData\Local\Programs\Python\Python313\;C:\Users\advai\.cargo\bin;C:\Users\advai\AppData\Local\Programs\Python\Python312\Scripts\;C:\Users\advai\AppData\Local\Programs\Python\Python312\;C:\Users\advai\AppData\Local\Microsoft\WindowsApps;C:\msys64\ucrt64\bin;C:\Users\advai\AppData\Local\Programs\cursor\resources\app\bin;C:\Users\advai\AppData\Local\Programs\Microsoft VS Code\bin
USERNAME=advai
OS=Windows_NT
PROCESSOR_IDENTIFIER=Intel64 Family 6 Model 154 Stepping 4, GenuineIntel
TMP=C:\Users\advai\AppData\Local\Temp
TEMP="C:\Users\advai\AppData\Roaming\Microsoft\Windows\Start Menu\Programs\Python 3.13\Python 3.13 (64-bit).lnk"




Periodic native trim disabled

---------------  S Y S T E M  ---------------

OS:
 Windows 11 , 64 bit Build 22621 (10.0.22621.5415)
OS uptime: 7 days 7:18 hours
Hyper-V role detected

CPU: total 12 (initial active 12) (6 cores per cpu, 2 threads per core) family 6 model 154 stepping 4 microcode 0x437, cx8, cmov, fxsr, ht, mmx, 3dnowpref, sse, sse2, sse3, ssse3, sse4.1, sse4.2, popcnt, lzcnt, tsc, tscinvbit, avx, avx2, aes, erms, clmul, bmi1, bmi2, adx, sha, fma, vzeroupper, clflush, clflushopt, clwb, hv, serialize, rdtscp, rdpid, fsrm, f16c, cet_ibt, cet_ss
Processor Information for the first 12 processors :
  Max Mhz: 1700, Current Mhz: 1700, Mhz Limit: 1700

Memory: 4k page, system-wide physical 16068M (150M free)
TotalPageFile size 65220M (AvailPageFile size 25M)
current process WorkingSet (physical memory assigned to process): 15M, peak: 757M
current process commit charge ("private bytes"): 1545M, peak: 1556M

vm_info: OpenJDK 64-Bit Server VM (21.0.8+9-LTS) for windows-amd64 JRE (21.0.8+9-LTS), built on 2025-07-15T00:00:00Z by "admin" with MS VC++ 17.7 (VS2022)

END.
